zig 0.15.2
zig 0.15.2
zig 0.15.2
zig 0.15.2
zig 0.15.3
